{
    "header": {
        "contents": {
            "contents": {
                "asset": "43WRxMNcnYgZFcE36iohqrXKQdajUdAxeSn9mzE1ZedB",
                "contract": "7mR5d7s6cKB4qjuX1kiwwNtygfURhFQ9TKvEd9kmq6QL",
                "proof": "AE4xMTUxMzY4MDA4MjA0NTY4MzM3Mzc5OTQxMjY3NzEzODYwMTUwMjYyODcwOTUwMzQ2MjU2MjM2NDQxODYyNzgxMDg5MjY2OTA3Nzk1Njc6AE05ODI0NTI4MDUyMjAwMzUwNTY0NDc5NzY3MDg0MzEwNzI3NjEzMjYwMjA1MDEzMzA4MjYyNTc2ODcwNjQ5MTYwMjg3NTcyNTc4ODQ2Nw=="
            },
            "tag": "Bind"
        },
        "tag": "TxAsset"
    },
    "origin": "fwBVDsVh8SYQy98CzYpNPcbyTRczVUZ96HszhNRB8Ve",
    "signature": "AE4xMTUxMzY4MDA4MjA0NTY4MzM3Mzc5OTQxMjY3NzEzODYwMTUwMjYyODcwOTUwMzQ2MjU2MjM2NDQxODYyNzgxMDg5MjY2OTA3Nzk1Njc6AE03MjI4MDUyMTc5Njg5ODc1MzMxODQwMzIxMTA1ODAwNTI1NjMxNTM0NzYyMzM3MjA0NjUyMjc2OTI2OTcxMzY5NzYzODgyMDE4ODE1MA=="
}