{
    "header": {
        "contents": {
            "contents": {
                "assetName": "test",
                "assetType": {
                    "contents": null,
                    "tag": "Discrete"
                },
                "issuer": "fwBVDsVh8SYQy98CzYpNPcbyTRczVUZ96HszhNRB8Ve",
                "metadata": {
                    "company": "Adjoint Inc.",
                    "policy": "special"
                },
                "reference": "Token",
                "supply": {
                    "decimalIntegerValue": 1000,
                    "decimalPlaces": 0,
                    "tag": "Dec"
                }
            },
            "tag": "CreateAsset"
        },
        "tag": "TxAsset"
    },
    "origin": "fwBVDsVh8SYQy98CzYpNPcbyTRczVUZ96HszhNRB8Ve",
    "signature": "AE4xMTUxMzY4MDA4MjA0NTY4MzM3Mzc5OTQxMjY3NzEzODYwMTUwMjYyODcwOTUwMzQ2MjU2MjM2NDQxODYyNzgxMDg5MjY2OTA3Nzk1Njc6AE0zMTAyMDM5ODk1MDUxMzEzMjQ2ODc3MzM0NTg0NTUzMjcwNjU2NzA4OTE1MzYxMzg3NzY5NTAyOTc1Nzc3MjA3MjUwODU5ODM4Njc3OQ=="
}