{
    "address": "fwBVDsVh8SYQy98CzYpNPcbyTRczVUZ96HszhNRB8Ve",
    "args": {
        "contents": "fwBVDsVh8SYQy98CzYpNPcbyTRczVUZ96HszhNRB8Ve",
        "tag": "VAccount"
    },
    "method": "get"
}