{
    "address": "fwBVDsVh8SYQy98CzYpNPcbyTRczVUZ96HszhNRB8Ve",
    "args": {
        "contents": {
            "contents": {
                "decimalIntegerValue": 3223,
                "decimalPlaces": 3,
                "tag": "Dec"
            },
            "tag": "NumDecimal"
        },
        "tag": "VNum"
    },
    "method": "get"
}