{
    "address": "fwBVDsVh8SYQy98CzYpNPcbyTRczVUZ96HszhNRB8Ve",
    "args": {
        "tag": "VVoid"
    },
    "method": "get"
}