{
    "header": {
        "contents": {
            "contents": {
                "metadata": {
                    "bax": "foo",
                    "fax": "bar",
                    "stuff": "key"
                },
                "pubKey": "af0b33d9e8af2b771200a87012fc6aa07b391d8ac01b40975359a7d35d38f13b9d1d65b28a9a1a413436cf6dc5bafcb551a4953b8f30c751d111262ed07a13fd",
                "timezone": "GMT"
            },
            "tag": "CreateAccount"
        },
        "tag": "TxAccount"
    },
    "origin": "fwBVDsVh8SYQy98CzYpNPcbyTRczVUZ96HszhNRB8Ve",
    "signature": "AE4xMTUxMzY4MDA4MjA0NTY4MzM3Mzc5OTQxMjY3NzEzODYwMTUwMjYyODcwOTUwMzQ2MjU2MjM2NDQxODYyNzgxMDg5MjY2OTA3Nzk1Njc6AE0yNTE0NDk5MTIwMTIzMjI2MDkxMDA5ODY3NTkxNDAwMDY1Mzg4Njk5NTAwNzA3MDYxMTI5MTU0NjQyMDU0NTIzMzMwNDExMjExOTAyNg=="
}