{
    "assetName": "test",
    "assetType": {
        "contents": null,
        "tag": "Discrete"
    },
    "issuer": "fwBVDsVh8SYQy98CzYpNPcbyTRczVUZ96HszhNRB8Ve",
    "metadata": {
        "company": "Adjoint Inc.",
        "policy": "special"
    },
    "reference": "Token",
    "supply": {
        "decimalIntegerValue": 1000,
        "decimalPlaces": 0,
        "tag": "Dec"
    }
}