{
    "address": "fwBVDsVh8SYQy98CzYpNPcbyTRczVUZ96HszhNRB8Ve",
    "args": {
        "contents": true,
        "tag": "VBool"
    },
    "method": "get"
}