{
    "metadata": {
        "bax": "foo",
        "fax": "bar",
        "stuff": "key"
    },
    "pubKey": "af0b33d9e8af2b771200a87012fc6aa07b391d8ac01b40975359a7d35d38f13b9d1d65b28a9a1a413436cf6dc5bafcb551a4953b8f30c751d111262ed07a13fd",
    "timezone": "GMT"
}