{
    "address": "fwBVDsVh8SYQy98CzYpNPcbyTRczVUZ96HszhNRB8Ve", 
    "args": {
        "contents": [
            "115136800820456833737994126771386015026287095034625623644186278108926690779567", 
            "98245280522003505644797670843107276132602050133082625768706491602875725788467"
        ], 
        "tag": "VSig"
    }, 
    "method": "get"
}