{
    "address": "fwBVDsVh8SYQy98CzYpNPcbyTRczVUZ96HszhNRB8Ve", 
    "args": {
        "contents": "Hello world", 
        "tag": "VText"
    }, 
    "method": "get"
}