{
    "address": "fwBVDsVh8SYQy98CzYpNPcbyTRczVUZ96HszhNRB8Ve",
    "args": {
        "contents": "Foo",
        "tag": "VEnum"
    },
    "method": "get"
}