{
    "header": {
        "contents": {
            "contents": {
                "address": "fwBVDsVh8SYQy98CzYpNPcbyTRczVUZ96HszhNRB8Ve",
                "args": [
                    {
                        "tag": "VVoid"
                    }
                ],
                "method": "get"
            },
            "tag": "Call"
        },
        "tag": "TxContract"
    },
    "origin": "fwBVDsVh8SYQy98CzYpNPcbyTRczVUZ96HszhNRB8Ve",
    "signature": "AE4xMTUxMzY4MDA4MjA0NTY4MzM3Mzc5OTQxMjY3NzEzODYwMTUwMjYyODcwOTUwMzQ2MjU2MjM2NDQxODYyNzgxMDg5MjY2OTA3Nzk1Njc6AE01NTA5ODkzNjAwNjA0MjYyMDE0NDkyOTA1MjcxODE2OTY0MjY3MTkyNDI5NzUxNjU2NDEzMjc4MTk4Nzk3NDc2Mjg0MDQ0MzIxMDg0Nw=="
}