{
    "header": {
        "contents": {
            "contents": {
                "address": "fwBVDsVh8SYQy98CzYpNPcbyTRczVUZ96HszhNRB8Ve",
                "args": [
                    {
                        "contents": "fwBVDsVh8SYQy98CzYpNPcbyTRczVUZ96HszhNRB8Ve",
                        "tag": "VContract"
                    }
                ],
                "method": "get"
            },
            "tag": "Call"
        },
        "tag": "TxContract"
    },
    "origin": "fwBVDsVh8SYQy98CzYpNPcbyTRczVUZ96HszhNRB8Ve",
    "signature": "AE4xMTUxMzY4MDA4MjA0NTY4MzM3Mzc5OTQxMjY3NzEzODYwMTUwMjYyODcwOTUwMzQ2MjU2MjM2NDQxODYyNzgxMDg5MjY2OTA3Nzk1Njc6AE0zNzE1NDkwMzgwNzQ0NTMyNTkzMTg2MzIxMzYzOTQxNjk0Mjk3Mjc3NjMyMzUzOTc3NjUyMzM0NTIxOTYyODQyNjk0NTc0NTgyMzE0Ng=="
}