{
    "address": "fwBVDsVh8SYQy98CzYpNPcbyTRczVUZ96HszhNRB8Ve",
    "args": {
        "contents": {
            "contents": {
                "decimalIntegerValue": 35,
                "decimalPlaces": 1,
                "tag": "Dec"
            },
            "tag": "NumDecimal"
        },
        "tag": "VNum"
    },
    "method": "get"
}