{
    "header": {
        "contents": {
            "contents": {
                "address": "fwBVDsVh8SYQy98CzYpNPcbyTRczVUZ96HszhNRB8Ve",
                "args": [
                    {
                        "contents": {
                            "contents": {
                                "decimalIntegerValue": 1,
                                "decimalPlaces": 0,
                                "tag": "Dec"
                            },
                            "tag": "NumDecimal"
                        },
                        "tag": "VNum"
                    },
                    {
                        "contents": {
                            "contents": {
                                "decimalIntegerValue": 1,
                                "decimalPlaces": 0,
                                "tag": "Dec"
                            },
                            "tag": "NumDecimal"
                        },
                        "tag": "VNum"
                    },
                    {
                        "contents": {
                            "contents": {
                                "decimalIntegerValue": 1,
                                "decimalPlaces": 0,
                                "tag": "Dec"
                            },
                            "tag": "NumDecimal"
                        },
                        "tag": "VNum"
                    },
                    {
                        "contents": {
                            "contents": {
                                "decimalIntegerValue": 1,
                                "decimalPlaces": 0,
                                "tag": "Dec"
                            },
                            "tag": "NumDecimal"
                        },
                        "tag": "VNum"
                    }
                ],
                "method": "get"
            },
            "tag": "Call"
        },
        "tag": "TxContract"
    },
    "origin": "fwBVDsVh8SYQy98CzYpNPcbyTRczVUZ96HszhNRB8Ve",
    "signature": "AE4xMTUxMzY4MDA4MjA0NTY4MzM3Mzc5OTQxMjY3NzEzODYwMTUwMjYyODcwOTUwMzQ2MjU2MjM2NDQxODYyNzgxMDg5MjY2OTA3Nzk1Njc6AE05MTM5MTI5NzA2NTEzODc1MDE4MTM1NDIzNTEwMzkxMTg0OTYxODAxNTAzMTU5MTg4NzcwMDIyODk3MDk5NTgxNDEyNDU0MDE1MzAwNA=="
}