{
    "header": {
        "contents": {
            "contents": {
                "address": "fwBVDsVh8SYQy98CzYpNPcbyTRczVUZ96HszhNRB8Ve"
            },
            "tag": "RevokeAccount"
        },
        "tag": "TxAccount"
    },
    "origin": "fwBVDsVh8SYQy98CzYpNPcbyTRczVUZ96HszhNRB8Ve",
    "signature": "AE4xMTUxMzY4MDA4MjA0NTY4MzM3Mzc5OTQxMjY3NzEzODYwMTUwMjYyODcwOTUwMzQ2MjU2MjM2NDQxODYyNzgxMDg5MjY2OTA3Nzk1Njc6AE00MzI0MzA1NjA2MjM4NTkyNzUwOTQ0MjM3NTAwNDYyNzYxOTY3ODI3MzI4NDU2NDE4MDkxMzkxODU2NzYzMTgwMTA4NTgxOTQxMjUwMA=="
}