{
    "header": {
        "contents": {
            "contents": {
                "assetAddr": "43WRxMNcnYgZFcE36iohqrXKQdajUdAxeSn9mzE1ZedB",
                "balance": {
                    "decimalIntegerValue": 5,
                    "decimalPlaces": 0,
                    "tag": "Dec"
                },
                "toAddr": "7mR5d7s6cKB4qjuX1kiwwNtygfURhFQ9TKvEd9kmq6QL"
            },
            "tag": "CreateAsset"
        },
        "tag": "TxAsset"
    },
    "origin": "fwBVDsVh8SYQy98CzYpNPcbyTRczVUZ96HszhNRB8Ve",
    "signature": "AE4xMTUxMzY4MDA4MjA0NTY4MzM3Mzc5OTQxMjY3NzEzODYwMTUwMjYyODcwOTUwMzQ2MjU2MjM2NDQxODYyNzgxMDg5MjY2OTA3Nzk1Njc6AE02ODA4NTE3NjAzNDI1MjcyMjg5NTk0NDcxODEwNTQ5MTY5MzM2MzIwMDIzMDY1MzY2NDUzMjY2MzY2NDQ1NzczOTI1NDM4MzIzNjkyMA=="
}