{
    "assetAddr": "43WRxMNcnYgZFcE36iohqrXKQdajUdAxeSn9mzE1ZedB",
    "balance": {
        "decimalIntegerValue": 5,
        "decimalPlaces": 0,
        "tag": "Dec"
    },
    "toAddr": "7mR5d7s6cKB4qjuX1kiwwNtygfURhFQ9TKvEd9kmq6QL"
}